/afs/athena.mit.edu/user/a/d/adhikara/Documents/6.111things/6.111 project/bobateam/sound_module/lab5.ngc 1512855171
/afs/athena.mit.edu/user/a/d/adhikara/Documents/6.111things/6.111 project/bobateam/sound_module/happy_image_rom.ngc 1512839497
/afs/athena.mit.edu/user/a/d/adhikara/Documents/6.111things/6.111 project/bobateam/sound_module/happy_red_rom.ngc 1512839497
/afs/athena.mit.edu/user/a/d/adhikara/Documents/6.111things/6.111 project/bobateam/sound_module/happy_green_rom.ngc 1512839497
/afs/athena.mit.edu/user/a/d/adhikara/Documents/6.111things/6.111 project/bobateam/sound_module/happy_blue_rom.ngc 1512839497
/afs/athena.mit.edu/user/a/d/adhikara/Documents/6.111things/6.111 project/bobateam/sound_module/dead_image_rom.ngc 1512839497
/afs/athena.mit.edu/user/a/d/adhikara/Documents/6.111things/6.111 project/bobateam/sound_module/dead_red_rom.ngc 1512839497
/afs/athena.mit.edu/user/a/d/adhikara/Documents/6.111things/6.111 project/bobateam/sound_module/dead_green_rom.ngc 1512839496
/afs/athena.mit.edu/user/a/d/adhikara/Documents/6.111things/6.111 project/bobateam/sound_module/dead_blue_rom.ngc 1512839496
/afs/athena.mit.edu/user/a/d/adhikara/Documents/6.111things/6.111 project/bobateam/sound_module/normalmole_image_rom.ngc 1512001824
/afs/athena.mit.edu/user/a/d/adhikara/Documents/6.111things/6.111 project/bobateam/sound_module/normalmole_red_rom.ngc 1512001824
/afs/athena.mit.edu/user/a/d/adhikara/Documents/6.111things/6.111 project/bobateam/sound_module/normalmole_green_rom.ngc 1512001823
/afs/athena.mit.edu/user/a/d/adhikara/Documents/6.111things/6.111 project/bobateam/sound_module/normalmole_blue_rom.ngc 1512001823
OK
