/afs/athena.mit.edu/user/v/s/vsouyang/Documents/6.111/bobateam/sound_module/lab5.ngc 1512762591
/afs/athena.mit.edu/user/v/s/vsouyang/Documents/6.111/bobateam/sound_module/happy_image_rom.ngc 1512695705
/afs/athena.mit.edu/user/v/s/vsouyang/Documents/6.111/bobateam/sound_module/happy_red_rom.ngc 1512695774
/afs/athena.mit.edu/user/v/s/vsouyang/Documents/6.111/bobateam/sound_module/happy_green_rom.ngc 1512695818
/afs/athena.mit.edu/user/v/s/vsouyang/Documents/6.111/bobateam/sound_module/happy_blue_rom.ngc 1512695955
/afs/athena.mit.edu/user/v/s/vsouyang/Documents/6.111/bobateam/sound_module/dead_image_rom.ngc 1512698142
/afs/athena.mit.edu/user/v/s/vsouyang/Documents/6.111/bobateam/sound_module/dead_red_rom.ngc 1512697863
/afs/athena.mit.edu/user/v/s/vsouyang/Documents/6.111/bobateam/sound_module/dead_green_rom.ngc 1512697949
/afs/athena.mit.edu/user/v/s/vsouyang/Documents/6.111/bobateam/sound_module/dead_blue_rom.ngc 1512698024
/afs/athena.mit.edu/user/v/s/vsouyang/Documents/6.111/bobateam/sound_module/normalmole_image_rom.ngc 1512339392
/afs/athena.mit.edu/user/v/s/vsouyang/Documents/6.111/bobateam/sound_module/normalmole_red_rom.ngc 1512339392
/afs/athena.mit.edu/user/v/s/vsouyang/Documents/6.111/bobateam/sound_module/normalmole_green_rom.ngc 1512339392
/afs/athena.mit.edu/user/v/s/vsouyang/Documents/6.111/bobateam/sound_module/normalmole_blue_rom.ngc 1512339392
OK
