MO gameState NULL labkit.v vlg3B/game_state.bin 1510707567
MO rng NULL labkit.v vlg2F/rng.bin 1510707567
MO divider NULL labkit.v vlg4B/divider.bin 1510707567
MO mole NULL labkit.v vlg11/mole.bin 1510707567
MO debounce NULL labkit.v vlg1D/debounce.bin 1510707567
MO labkit NULL labkit.v vlg7B/labkit.bin 1510707567
MO interpret_input NULL labkit.v vlg7C/interpret__input.bin 1510707567
MO synchronize NULL labkit.v vlg2C/synchronize.bin 1510707567
MO timer NULL labkit.v vlg09/timer.bin 1510707567
