MO display NULL display.v vlg1E/display.bin 1510947010
MO flash_int NULL flash_int.v vlg00/flash__int.bin 1510947010
MO labkit NULL labkit.v vlg7B/labkit.bin 1510947010
MO flash_manager NULL flash_manager.v vlg24/flash__manager.bin 1510947010
MO test_fsm NULL test_fsm.v vlg79/test__fsm.bin 1510947010
