MO display NULL display.v vlg1E/display.bin 1510949458
MO display_16hex NULL display_16hex.v vlg51/display__16hex.bin 1511134699
MO flash_int NULL flash_int.v vlg00/flash__int.bin 1511134699
MO labkit NULL labkit.v vlg7B/labkit.bin 1511134699
MO flash_manager NULL flash_manager.v vlg24/flash__manager.bin 1511134699
MO test_fsm NULL test_fsm.v vlg79/test__fsm.bin 1511134699
