/afs/athena.mit.edu/user/v/s/vsouyang/Documents/6.111/bobateam/basic_graphics/lab3.ngc 1512862074
/afs/athena.mit.edu/user/v/s/vsouyang/Documents/6.111/bobateam/basic_graphics/tiger_blue_rom.ngc 1511985477
/afs/athena.mit.edu/user/v/s/vsouyang/Documents/6.111/bobateam/basic_graphics/tiger_green_rom.ngc 1511985418
/afs/athena.mit.edu/user/v/s/vsouyang/Documents/6.111/bobateam/basic_graphics/tiger_red_rom.ngc 1511985349
/afs/athena.mit.edu/user/v/s/vsouyang/Documents/6.111/bobateam/basic_graphics/tiger_image_rom.ngc 1511985285
/afs/athena.mit.edu/user/v/s/vsouyang/Documents/6.111/bobateam/basic_graphics/dead_blue_rom.ngc 1512337544
/afs/athena.mit.edu/user/v/s/vsouyang/Documents/6.111/bobateam/basic_graphics/dead_green_rom.ngc 1512337489
/afs/athena.mit.edu/user/v/s/vsouyang/Documents/6.111/bobateam/basic_graphics/dead_red_rom.ngc 1512337441
/afs/athena.mit.edu/user/v/s/vsouyang/Documents/6.111/bobateam/basic_graphics/dead_image_rom.ngc 1512337378
/afs/athena.mit.edu/user/v/s/vsouyang/Documents/6.111/bobateam/basic_graphics/happy_blue_rom.ngc 1512342825
/afs/athena.mit.edu/user/v/s/vsouyang/Documents/6.111/bobateam/basic_graphics/happy_green_rom.ngc 1512342784
/afs/athena.mit.edu/user/v/s/vsouyang/Documents/6.111/bobateam/basic_graphics/happy_red_rom.ngc 1512342742
/afs/athena.mit.edu/user/v/s/vsouyang/Documents/6.111/bobateam/basic_graphics/happy_image_rom.ngc 1512342675
OK
