/afs/athena.mit.edu/user/v/s/vsouyang/Documents/6.111/bobateam/basic_graphics/lab3.ngc 1512609840
/afs/athena.mit.edu/user/v/s/vsouyang/Documents/6.111/bobateam/basic_graphics/tiger_blue_rom.ngc 1511985477
/afs/athena.mit.edu/user/v/s/vsouyang/Documents/6.111/bobateam/basic_graphics/tiger_green_rom.ngc 1511985418
/afs/athena.mit.edu/user/v/s/vsouyang/Documents/6.111/bobateam/basic_graphics/tiger_red_rom.ngc 1511985349
/afs/athena.mit.edu/user/v/s/vsouyang/Documents/6.111/bobateam/basic_graphics/tiger_image_rom.ngc 1511985285
/afs/athena.mit.edu/user/v/s/vsouyang/Documents/6.111/bobateam/basic_graphics/dead_blue_rom.ngc 1512337544
/afs/athena.mit.edu/user/v/s/vsouyang/Documents/6.111/bobateam/basic_graphics/dead_green_rom.ngc 1512337489
/afs/athena.mit.edu/user/v/s/vsouyang/Documents/6.111/bobateam/basic_graphics/dead_red_rom.ngc 1512337441
/afs/athena.mit.edu/user/v/s/vsouyang/Documents/6.111/bobateam/basic_graphics/dead_image_rom.ngc 1512337378
/afs/athena.mit.edu/user/v/s/vsouyang/Documents/6.111/bobateam/basic_graphics/whack_blue_rom.ngc 1512603124
/afs/athena.mit.edu/user/v/s/vsouyang/Documents/6.111/bobateam/basic_graphics/whack_green_rom.ngc 1512603010
/afs/athena.mit.edu/user/v/s/vsouyang/Documents/6.111/bobateam/basic_graphics/whack_red_rom.ngc 1512602933
/afs/athena.mit.edu/user/v/s/vsouyang/Documents/6.111/bobateam/basic_graphics/whackrom.ngc 1512602873
/afs/athena.mit.edu/user/v/s/vsouyang/Documents/6.111/bobateam/basic_graphics/start_blue_rom.ngc 1512604190
/afs/athena.mit.edu/user/v/s/vsouyang/Documents/6.111/bobateam/basic_graphics/start_green_rom.ngc 1512604087
/afs/athena.mit.edu/user/v/s/vsouyang/Documents/6.111/bobateam/basic_graphics/start_red_rom.ngc 1512603865
/afs/athena.mit.edu/user/v/s/vsouyang/Documents/6.111/bobateam/basic_graphics/startrom.ngc 1512603807
/afs/athena.mit.edu/user/v/s/vsouyang/Documents/6.111/bobateam/basic_graphics/gameover_blue_rom.ngc 1512609774
/afs/athena.mit.edu/user/v/s/vsouyang/Documents/6.111/bobateam/basic_graphics/gameover_green_rom.ngc 1512609698
/afs/athena.mit.edu/user/v/s/vsouyang/Documents/6.111/bobateam/basic_graphics/gameover_red_rom.ngc 1512609636
/afs/athena.mit.edu/user/v/s/vsouyang/Documents/6.111/bobateam/basic_graphics/gameoverrom.ngc 1512609573
OK
