Release 10.1.03 - xst K.39 (lin64)
Copyright (c) 1995-2008 Xilinx, Inc.  All rights reserved.
--> 
Parameter TMPDIR set to /afs/athena.mit.edu/user/d/v/dvtran/Documents/6.111/finalproject/bobateam/modules/ddrwam/xst/projnav.tmp


Total REAL time to Xst completion: 0.00 secs
Total CPU time to Xst completion: 0.04 secs
 
--> 
Parameter xsthdpdir set to /afs/athena.mit.edu/user/d/v/dvtran/Documents/6.111/finalproject/bobateam/modules/ddrwam/xst


Total REAL time to Xst completion: 0.00 secs
Total CPU time to Xst completion: 0.04 secs
 
--> 
Reading design: labkit.prj

TABLE OF CONTENTS
  1) Synthesis Options Summary
  2) HDL Compilation
  3) Design Hierarchy Analysis
  4) HDL Analysis
  5) HDL Synthesis
     5.1) HDL Synthesis Report
  6) Advanced HDL Synthesis
     6.1) Advanced HDL Synthesis Report
  7) Low Level Synthesis
  8) Partition Report
  9) Final Report
     9.1) Device utilization summary
     9.2) Partition Resource Summary
     9.3) TIMING REPORT


=========================================================================
*                      Synthesis Options Summary                        *
=========================================================================
---- Source Parameters
Input File Name                    : "labkit.prj"
Input Format                       : mixed
Ignore Synthesis Constraint File   : NO

---- Target Parameters
Output File Name                   : "labkit"
Output Format                      : NGC
Target Device                      : xc2v6000-4-bf957

---- Source Options
Top Module Name                    : labkit
Automatic FSM Extraction           : YES
FSM Encoding Algorithm             : Auto
Safe Implementation                : No
FSM Style                          : lut
RAM Extraction                     : Yes
RAM Style                          : Auto
ROM Extraction                     : Yes
Mux Style                          : Auto
Decoder Extraction                 : YES
Priority Encoder Extraction        : YES
Shift Register Extraction          : YES
Logical Shifter Extraction         : YES
XOR Collapsing                     : YES
ROM Style                          : Auto
Mux Extraction                     : YES
Resource Sharing                   : YES
Asynchronous To Synchronous        : NO
Multiplier Style                   : auto
Automatic Register Balancing       : No

---- Target Options
Add IO Buffers                     : YES
Global Maximum Fanout              : 500
Add Generic Clock Buffer(BUFG)     : 16
Register Duplication               : YES
Slice Packing                      : YES
Optimize Instantiated Primitives   : NO
Convert Tristates To Logic         : Yes
Use Clock Enable                   : Yes
Use Synchronous Set                : Yes
Use Synchronous Reset              : Yes
Pack IO Registers into IOBs        : auto
Equivalent register Removal        : YES

---- General Options
Optimization Goal                  : Speed
Optimization Effort                : 1
Library Search Order               : labkit.lso
Keep Hierarchy                     : NO
Netlist Hierarchy                  : as_optimized
RTL Output                         : Yes
Global Optimization                : AllClockNets
Read Cores                         : YES
Write Timing Constraints           : NO
Cross Clock Analysis               : NO
Hierarchy Separator                : /
Bus Delimiter                      : <>
Case Specifier                     : maintain
Slice Utilization Ratio            : 100
BRAM Utilization Ratio             : 100
Verilog 2001                       : YES
Auto BRAM Packing                  : NO
Slice Utilization Ratio Delta      : 5

=========================================================================


=========================================================================
*                          HDL Compilation                              *
=========================================================================
Compiling verilog file "labkit.v" in library work
Module <labkit> compiled
Module <divider> compiled
Module <timer> compiled
Module <synchronize> compiled
Module <debounce> compiled
Module <random> compiled
Module <interpret_input> compiled
Module <mole> compiled
Module <gameState> compiled
Module <display_string> compiled
Module <ascii2dots> compiled
No errors in compilation
Analysis of file <"labkit.prj"> succeeded.
 

=========================================================================
*                     Design Hierarchy Analysis                         *
=========================================================================
Analyzing hierarchy for module <labkit> in library <work>.

Analyzing hierarchy for module <debounce> in library <work> with parameters.
	DELAY = "00000000000001000001111010110000"

Analyzing hierarchy for module <divider> in library <work> with parameters.
	DELAY = "00000011001101111111100110000000"

Analyzing hierarchy for module <timer> in library <work> with parameters.
	COUNTING = "01"
	EXPIRED = "10"
	IDLE = "00"

Analyzing hierarchy for module <random> in library <work>.

Analyzing hierarchy for module <interpret_input> in library <work>.

Analyzing hierarchy for module <display_string> in library <work>.

Analyzing hierarchy for module <synchronize> in library <work> with parameters.
	NSYNC = "00000000000000000000000000000010"

Analyzing hierarchy for module <ascii2dots> in library <work>.


=========================================================================
*                            HDL Analysis                               *
=========================================================================
Analyzing top module <labkit>.
Module <labkit> is correct for synthesis.
 
    Set user-defined property "INIT =  FFFF" for instance <reset_sr> in unit <labkit>.
Analyzing module <debounce> in library <work>.
	DELAY = 32'sb00000000000001000001111010110000
Module <debounce> is correct for synthesis.
 
Analyzing module <synchronize> in library <work>.
	NSYNC = 32'sb00000000000000000000000000000010
Module <synchronize> is correct for synthesis.
 
Analyzing module <divider> in library <work>.
	DELAY = 32'b00000011001101111111100110000000
Module <divider> is correct for synthesis.
 
Analyzing module <timer> in library <work>.
	COUNTING = 2'b01
	EXPIRED = 2'b10
	IDLE = 2'b00
Module <timer> is correct for synthesis.
 
Analyzing module <random> in library <work>.
Module <random> is correct for synthesis.
 
Analyzing module <interpret_input> in library <work>.
WARNING:Xst:1465 - "labkit.v" line 608: Exactly not equal expression will be synthesized as a not equal expression, simulation mismatch is possible. 
Module <interpret_input> is correct for synthesis.
 
Analyzing module <display_string> in library <work>.
INFO:Xst:1433 - Contents of array <rdots> may be accessed with an index that exceeds the array size. This could cause simulation mismatch.
Module <display_string> is correct for synthesis.
 
Analyzing module <ascii2dots> in library <work>.
Module <ascii2dots> is correct for synthesis.
 

=========================================================================
*                           HDL Synthesis                               *
=========================================================================

Performing bidirectional port resolution...
INFO:Xst:2561 - Always blocking tristate driving signal <flash_data> in unit <labkit> is removed.
INFO:Xst:2561 - Always blocking tristate driving signal <ram0_data> in unit <labkit> is removed.
INFO:Xst:2561 - Always blocking tristate driving signal <user1> in unit <labkit> is removed.
INFO:Xst:2561 - Always blocking tristate driving signal <user2> in unit <labkit> is removed.
INFO:Xst:2561 - Always blocking tristate driving signal <user3> in unit <labkit> is removed.
INFO:Xst:2561 - Always blocking tristate driving signal <user4> in unit <labkit> is removed.
INFO:Xst:2561 - Always blocking tristate driving signal <ram1_data> in unit <labkit> is removed.
INFO:Xst:2561 - Always blocking tristate driving signal <daughtercard> in unit <labkit> is removed.
INFO:Xst:2561 - Always blocking tristate driving signal <systemace_data> in unit <labkit> is removed.
INFO:Xst:2561 - Always blocking tristate driving signal <tv_in_i2c_data> in unit <labkit> is removed.

Synthesizing Unit <divider>.
    Related source file is "labkit.v".
    Found 32-bit up counter for signal <counter>.
    Found 1-bit register for signal <enable>.
    Summary:
	inferred   1 Counter(s).
	inferred   1 D-type flip-flop(s).
Unit <divider> synthesized.


Synthesizing Unit <timer>.
    Related source file is "labkit.v".
    Found finite state machine <FSM_0> for signal <state>.
    -----------------------------------------------------------------------
    | States             | 3                                              |
    | Transitions        | 5                                              |
    | Inputs             | 2                                              |
    | Outputs            | 3                                              |
    | Clock              | clk (rising_edge)                              |
    | Power Up State     | 0000                                           |
    | Encoding           | automatic                                      |
    | Implementation     | LUT                                            |
    -----------------------------------------------------------------------
    Found 4-bit register for signal <counter>.
    Found 4-bit subtractor for signal <counter$addsub0000> created at line 500.
    Summary:
	inferred   1 Finite State Machine(s).
	inferred   4 D-type flip-flop(s).
	inferred   1 Adder/Subtractor(s).
Unit <timer> synthesized.


Synthesizing Unit <random>.
    Related source file is "labkit.v".
    Found 4-bit register for signal <temp_r>.
    Found 1-bit xor2 for signal <temp_r$xor0000> created at line 577.
    Summary:
	inferred   4 D-type flip-flop(s).
Unit <random> synthesized.


Synthesizing Unit <interpret_input>.
    Related source file is "labkit.v".
WARNING:Xst:647 - Input <reset> is never used. This port will be preserved and left unconnected if it belongs to a top-level block or it belongs to a sub-block and the hierarchy of this sub-block is preserved.
    Found 8x8-bit ROM for signal <location>.
    Found 1-bit register for signal <temp_misstep>.
    Found 1-bit register for signal <temp_whacked>.
    Found 8-bit comparator equal for signal <temp_whacked$cmp_eq0000> created at line 606.
    Summary:
	inferred   1 ROM(s).
	inferred   2 D-type flip-flop(s).
	inferred   1 Comparator(s).
Unit <interpret_input> synthesized.


Synthesizing Unit <synchronize>.
    Related source file is "labkit.v".
    Found 1-bit register for signal <out>.
    Found 1-bit register for signal <sync<0>>.
    Summary:
	inferred   2 D-type flip-flop(s).
Unit <synchronize> synthesized.


Synthesizing Unit <ascii2dots>.
    Related source file is "labkit.v".
    Found 128x40-bit ROM for signal <char_dots$mux0000>.
    Summary:
	inferred   1 ROM(s).
Unit <ascii2dots> synthesized.


Synthesizing Unit <debounce>.
    Related source file is "labkit.v".
    Found 20-bit up counter for signal <count>.
    Found 1-bit xor2 for signal <count$xor0000> created at line 551.
    Found 1-bit register for signal <new>.
    Found 1-bit register for signal <temp_clean>.
    Summary:
	inferred   1 Counter(s).
	inferred   2 D-type flip-flop(s).
Unit <debounce> synthesized.


Synthesizing Unit <display_string>.
    Related source file is "labkit.v".
    Found finite state machine <FSM_1> for signal <state>.
    -----------------------------------------------------------------------
    | States             | 7                                              |
    | Transitions        | 11                                             |
    | Inputs             | 3                                              |
    | Outputs            | 7                                              |
    | Clock              | clock (rising_edge)                            |
    | Reset              | dreset (positive)                              |
    | Reset type         | synchronous                                    |
    | Reset State        | 00000000                                       |
    | Encoding           | automatic                                      |
    | Implementation     | LUT                                            |
    -----------------------------------------------------------------------
    Found 1-bit register for signal <disp_ce_b>.
    Found 1-bit register for signal <disp_data_out>.
    Found 1-bit register for signal <disp_rs>.
    Found 1-bit register for signal <disp_reset_b>.
    Found 1-bit 40-to-1 multiplexer for signal <$varindex0000> created at line 927.
    Found 8-bit 16-to-1 multiplexer for signal <ascii>.
    Found 4-bit register for signal <char_index>.
    Found 4-bit subtractor for signal <char_index$addsub0000> created at line 933.
    Found 1-bit register for signal <clock>.
    Found 32-bit register for signal <control>.
    Found 5-bit up counter for signal <count>.
    Found 10-bit register for signal <dot_index>.
    Found 10-bit addsub for signal <dot_index$share0000> created at line 860.
    Found 40-bit register for signal <rdots>.
    Found 8-bit down counter for signal <reset_count>.
    Summary:
	inferred   1 Finite State Machine(s).
	inferred   2 Counter(s).
	inferred  91 D-type flip-flop(s).
	inferred   2 Adder/Subtractor(s).
	inferred   9 Multiplexer(s).
Unit <display_string> synthesized.


Synthesizing Unit <labkit>.
    Related source file is "labkit.v".
WARNING:Xst:2565 - Inout <user3<28>> is never assigned.
WARNING:Xst:2565 - Inout <user3<4>> is never assigned.
WARNING:Xst:2565 - Inout <user3<29>> is never assigned.
WARNING:Xst:2565 - Inout <user3<5>> is never assigned.
WARNING:Xst:2565 - Inout <user3<6>> is never assigned.
WARNING:Xst:2565 - Inout <user3<7>> is never assigned.
WARNING:Xst:2565 - Inout <user3<8>> is never assigned.
WARNING:Xst:2565 - Inout <user3<9>> is never assigned.
WARNING:Xst:2565 - Inout <daughtercard<10>> is never assigned.
WARNING:Xst:2565 - Inout <flash_data<10>> is never assigned.
WARNING:Xst:2565 - Inout <daughtercard<11>> is never assigned.
WARNING:Xst:2565 - Inout <flash_data<11>> is never assigned.
WARNING:Xst:647 - Input <clock1> is never used. This port will be preserved and left unconnected if it belongs to a top-level block or it belongs to a sub-block and the hierarchy of this sub-block is preserved.
WARNING:Xst:647 - Input <clock2> is never used. This port will be preserved and left unconnected if it belongs to a top-level block or it belongs to a sub-block and the hierarchy of this sub-block is preserved.
WARNING:Xst:2565 - Inout <daughtercard<12>> is never assigned.
WARNING:Xst:2565 - Inout <flash_data<12>> is never assigned.
WARNING:Xst:2565 - Inout <daughtercard<13>> is never assigned.
WARNING:Xst:2565 - Inout <flash_data<13>> is never assigned.
WARNING:Xst:647 - Input <tv_in_aef> is never used. This port will be preserved and left unconnected if it belongs to a top-level block or it belongs to a sub-block and the hierarchy of this sub-block is preserved.
WARNING:Xst:2565 - Inout <daughtercard<14>> is never assigned.
WARNING:Xst:2565 - Inout <flash_data<14>> is never assigned.
WARNING:Xst:647 - Input <tv_in_aff> is never used. This port will be preserved and left unconnected if it belongs to a top-level block or it belongs to a sub-block and the hierarchy of this sub-block is preserved.
WARNING:Xst:2565 - Inout <daughtercard<15>> is never assigned.
WARNING:Xst:2565 - Inout <daughtercard<20>> is never assigned.
WARNING:Xst:2565 - Inout <flash_data<15>> is never assigned.
WARNING:Xst:2565 - Inout <daughtercard<21>> is never assigned.
WARNING:Xst:2565 - Inout <daughtercard<16>> is never assigned.
WARNING:Xst:2565 - Inout <daughtercard<22>> is never assigned.
WARNING:Xst:2565 - Inout <daughtercard<17>> is never assigned.
WARNING:Xst:647 - Input <systemace_irq> is never used. This port will be preserved and left unconnected if it belongs to a top-level block or it belongs to a sub-block and the hierarchy of this sub-block is preserved.
WARNING:Xst:2565 - Inout <daughtercard<18>> is never assigned.
WARNING:Xst:2565 - Inout <daughtercard<23>> is never assigned.
WARNING:Xst:2565 - Inout <flash_data<0>> is never assigned.
WARNING:Xst:647 - Input <clock_feedback_in> is never used. This port will be preserved and left unconnected if it belongs to a top-level block or it belongs to a sub-block and the hierarchy of this sub-block is preserved.
WARNING:Xst:2565 - Inout <daughtercard<19>> is never assigned.
WARNING:Xst:2565 - Inout <daughtercard<24>> is never assigned.
WARNING:Xst:2565 - Inout <flash_data<1>> is never assigned.
WARNING:Xst:647 - Input <disp_data_in> is never used. This port will be preserved and left unconnected if it belongs to a top-level block or it belongs to a sub-block and the hierarchy of this sub-block is preserved.
WARNING:Xst:2565 - Inout <user2<10>> is never assigned.
WARNING:Xst:2565 - Inout <daughtercard<25>> is never assigned.
WARNING:Xst:2565 - Inout <daughtercard<30>> is never assigned.
WARNING:Xst:2565 - Inout <flash_data<2>> is never assigned.
WARNING:Xst:2565 - Inout <user2<11>> is never assigned.
WARNING:Xst:2565 - Inout <daughtercard<31>> is never assigned.
WARNING:Xst:2565 - Inout <daughtercard<26>> is never assigned.
WARNING:Xst:2565 - Inout <flash_data<3>> is never assigned.
WARNING:Xst:2565 - Inout <user2<12>> is never assigned.
WARNING:Xst:2565 - Inout <daughtercard<32>> is never assigned.
WARNING:Xst:2565 - Inout <daughtercard<27>> is never assigned.
WARNING:Xst:2565 - Inout <flash_data<4>> is never assigned.
WARNING:Xst:2565 - Inout <user2<13>> is never assigned.
WARNING:Xst:2565 - Inout <daughtercard<33>> is never assigned.
WARNING:Xst:2565 - Inout <daughtercard<28>> is never assigned.
WARNING:Xst:2565 - Inout <flash_data<5>> is never assigned.
WARNING:Xst:2565 - Inout <user4<0>> is never assigned.
WARNING:Xst:2565 - Inout <user2<14>> is never assigned.
WARNING:Xst:2565 - Inout <daughtercard<34>> is never assigned.
WARNING:Xst:2565 - Inout <daughtercard<29>> is never assigned.
WARNING:Xst:2565 - Inout <flash_data<6>> is never assigned.
WARNING:Xst:2565 - Inout <user4<1>> is never assigned.
WARNING:Xst:2565 - Inout <user2<15>> is never assigned.
WARNING:Xst:2565 - Inout <user2<20>> is never assigned.
WARNING:Xst:2565 - Inout <daughtercard<40>> is never assigned.
WARNING:Xst:2565 - Inout <daughtercard<35>> is never assigned.
WARNING:Xst:2565 - Inout <flash_data<7>> is never assigned.
WARNING:Xst:2565 - Inout <user4<2>> is never assigned.
WARNING:Xst:2565 - Inout <user2<21>> is never assigned.
WARNING:Xst:2565 - Inout <user2<16>> is never assigned.
WARNING:Xst:2565 - Inout <daughtercard<41>> is never assigned.
WARNING:Xst:2565 - Inout <daughtercard<36>> is never assigned.
WARNING:Xst:2565 - Inout <flash_data<8>> is never assigned.
WARNING:Xst:2565 - Inout <user1<0>> is never assigned.
WARNING:Xst:2565 - Inout <user4<3>> is never assigned.
WARNING:Xst:2565 - Inout <user2<17>> is never assigned.
WARNING:Xst:2565 - Inout <user2<22>> is never assigned.
WARNING:Xst:2565 - Inout <daughtercard<37>> is never assigned.
WARNING:Xst:2565 - Inout <daughtercard<42>> is never assigned.
WARNING:Xst:2565 - Inout <flash_data<9>> is never assigned.
WARNING:Xst:2565 - Inout <user1<1>> is never assigned.
WARNING:Xst:2565 - Inout <user4<4>> is never assigned.
WARNING:Xst:2565 - Inout <user2<23>> is never assigned.
WARNING:Xst:2565 - Inout <user2<18>> is never assigned.
WARNING:Xst:647 - Input <keyboard_clock> is never used. This port will be preserved and left unconnected if it belongs to a top-level block or it belongs to a sub-block and the hierarchy of this sub-block is preserved.
WARNING:Xst:2565 - Inout <daughtercard<38>> is never assigned.
WARNING:Xst:2565 - Inout <daughtercard<43>> is never assigned.
WARNING:Xst:2565 - Inout <user1<2>> is never assigned.
WARNING:Xst:2565 - Inout <user4<5>> is never assigned.
WARNING:Xst:2565 - Inout <user2<24>> is never assigned.
WARNING:Xst:2565 - Inout <user2<19>> is never assigned.
WARNING:Xst:2565 - Inout <daughtercard<39>> is never assigned.
WARNING:Xst:2565 - Inout <user1<3>> is never assigned.
WARNING:Xst:2565 - Inout <tv_in_i2c_data> is never assigned.
WARNING:Xst:2565 - Inout <user4<6>> is never assigned.
WARNING:Xst:2565 - Inout <user2<30>> is never assigned.
WARNING:Xst:2565 - Inout <user2<25>> is never assigned.
WARNING:Xst:2565 - Inout <user1<4>> is never assigned.
WARNING:Xst:2565 - Inout <user4<7>> is never assigned.
WARNING:Xst:2565 - Inout <user2<26>> is never assigned.
WARNING:Xst:2565 - Inout <user2<31>> is never assigned.
WARNING:Xst:2565 - Inout <user1<5>> is never assigned.
WARNING:Xst:647 - Input <flash_sts> is never used. This port will be preserved and left unconnected if it belongs to a top-level block or it belongs to a sub-block and the hierarchy of this sub-block is preserved.
WARNING:Xst:2565 - Inout <user4<8>> is never assigned.
WARNING:Xst:647 - Input <rs232_rxd> is never used. This port will be preserved and left unconnected if it belongs to a top-level block or it belongs to a sub-block and the hierarchy of this sub-block is preserved.
WARNING:Xst:2565 - Inout <user2<27>> is never assigned.
WARNING:Xst:2565 - Inout <user1<6>> is never assigned.
WARNING:Xst:2565 - Inout <user4<9>> is never assigned.
WARNING:Xst:2565 - Inout <user2<28>> is never assigned.
WARNING:Xst:647 - Input <mouse_data> is never used. This port will be preserved and left unconnected if it belongs to a top-level block or it belongs to a sub-block and the hierarchy of this sub-block is preserved.
WARNING:Xst:2565 - Inout <user1<7>> is never assigned.
WARNING:Xst:647 - Input <rs232_cts> is never used. This port will be preserved and left unconnected if it belongs to a top-level block or it belongs to a sub-block and the hierarchy of this sub-block is preserved.
WARNING:Xst:2565 - Inout <user2<29>> is never assigned.
WARNING:Xst:2565 - Inout <user1<8>> is never assigned.
WARNING:Xst:2565 - Inout <user1<9>> is never assigned.
WARNING:Xst:2565 - Inout <daughtercard<0>> is never assigned.
WARNING:Xst:2565 - Inout <user4<10>> is never assigned.
WARNING:Xst:2565 - Inout <daughtercard<1>> is never assigned.
WARNING:Xst:647 - Input <switch<6:0>> is never used. This port will be preserved and left unconnected if it belongs to a top-level block or it belongs to a sub-block and the hierarchy of this sub-block is preserved.
WARNING:Xst:2565 - Inout <user4<11>> is never assigned.
WARNING:Xst:2565 - Inout <daughtercard<2>> is never assigned.
WARNING:Xst:2565 - Inout <user4<12>> is never assigned.
WARNING:Xst:2565 - Inout <daughtercard<3>> is never assigned.
WARNING:Xst:2565 - Inout <user4<13>> is never assigned.
WARNING:Xst:2565 - Inout <daughtercard<4>> is never assigned.
WARNING:Xst:2565 - Inout <user4<14>> is never assigned.
WARNING:Xst:2565 - Inout <daughtercard<5>> is never assigned.
WARNING:Xst:2565 - Inout <user4<20>> is never assigned.
WARNING:Xst:2565 - Inout <user4<15>> is never assigned.
WARNING:Xst:2565 - Inout <daughtercard<6>> is never assigned.
WARNING:Xst:2565 - Inout <ram0_data<0>> is never assigned.
WARNING:Xst:2565 - Inout <user4<16>> is never assigned.
WARNING:Xst:2565 - Inout <user4<21>> is never assigned.
WARNING:Xst:2565 - Inout <ram1_data<10>> is never assigned.
WARNING:Xst:2565 - Inout <daughtercard<7>> is never assigned.
WARNING:Xst:2565 - Inout <ram0_data<1>> is never assigned.
WARNING:Xst:2565 - Inout <user4<22>> is never assigned.
WARNING:Xst:2565 - Inout <user4<17>> is never assigned.
WARNING:Xst:2565 - Inout <ram1_data<11>> is never assigned.
WARNING:Xst:2565 - Inout <daughtercard<8>> is never assigned.
WARNING:Xst:2565 - Inout <ram0_data<2>> is never assigned.
WARNING:Xst:2565 - Inout <user4<23>> is never assigned.
WARNING:Xst:2565 - Inout <user4<18>> is never assigned.
WARNING:Xst:2565 - Inout <ram1_data<12>> is never assigned.
WARNING:Xst:2565 - Inout <daughtercard<9>> is never assigned.
WARNING:Xst:2565 - Inout <ram0_data<3>> is never assigned.
WARNING:Xst:2565 - Inout <user4<19>> is never assigned.
WARNING:Xst:2565 - Inout <user4<24>> is never assigned.
WARNING:Xst:2565 - Inout <ram1_data<13>> is never assigned.
WARNING:Xst:2565 - Inout <systemace_data<0>> is never assigned.
WARNING:Xst:2565 - Inout <ram0_data<4>> is never assigned.
WARNING:Xst:2565 - Inout <user4<30>> is never assigned.
WARNING:Xst:2565 - Inout <user4<25>> is never assigned.
WARNING:Xst:2565 - Inout <ram1_data<14>> is never assigned.
WARNING:Xst:2565 - Inout <systemace_data<1>> is never assigned.
WARNING:Xst:2565 - Inout <ram0_data<5>> is never assigned.
WARNING:Xst:2565 - Inout <user4<26>> is never assigned.
WARNING:Xst:2565 - Inout <user4<31>> is never assigned.
WARNING:Xst:2565 - Inout <ram1_data<20>> is never assigned.
WARNING:Xst:2565 - Inout <systemace_data<2>> is never assigned.
WARNING:Xst:2565 - Inout <ram1_data<15>> is never assigned.
WARNING:Xst:2565 - Inout <ram0_data<6>> is never assigned.
WARNING:Xst:2565 - Inout <user4<27>> is never assigned.
WARNING:Xst:2565 - Inout <systemace_data<3>> is never assigned.
WARNING:Xst:2565 - Inout <ram1_data<16>> is never assigned.
WARNING:Xst:2565 - Inout <ram1_data<21>> is never assigned.
WARNING:Xst:2565 - Inout <ram0_data<7>> is never assigned.
WARNING:Xst:647 - Input <tv_in_data_valid> is never used. This port will be preserved and left unconnected if it belongs to a top-level block or it belongs to a sub-block and the hierarchy of this sub-block is preserved.
WARNING:Xst:2565 - Inout <user4<28>> is never assigned.
WARNING:Xst:2565 - Inout <ram1_data<22>> is never assigned.
WARNING:Xst:2565 - Inout <systemace_data<4>> is never assigned.
WARNING:Xst:2565 - Inout <ram1_data<17>> is never assigned.
WARNING:Xst:647 - Input <tv_in_hff> is never used. This port will be preserved and left unconnected if it belongs to a top-level block or it belongs to a sub-block and the hierarchy of this sub-block is preserved.
WARNING:Xst:2565 - Inout <ram0_data<8>> is never assigned.
WARNING:Xst:2565 - Inout <user1<10>> is never assigned.
WARNING:Xst:2565 - Inout <user4<29>> is never assigned.
WARNING:Xst:2565 - Inout <ram1_data<23>> is never assigned.
WARNING:Xst:2565 - Inout <systemace_data<5>> is never assigned.
WARNING:Xst:2565 - Inout <ram1_data<18>> is never assigned.
WARNING:Xst:2565 - Inout <ram0_data<9>> is never assigned.
WARNING:Xst:2565 - Inout <user2<0>> is never assigned.
WARNING:Xst:2565 - Inout <user1<11>> is never assigned.
WARNING:Xst:647 - Input <tv_in_ycrcb> is never used. This port will be preserved and left unconnected if it belongs to a top-level block or it belongs to a sub-block and the hierarchy of this sub-block is preserved.
WARNING:Xst:2565 - Inout <ram0_data<10>> is never assigned.
WARNING:Xst:2565 - Inout <ram1_data<24>> is never assigned.
WARNING:Xst:2565 - Inout <systemace_data<6>> is never assigned.
WARNING:Xst:2565 - Inout <ram1_data<19>> is never assigned.
WARNING:Xst:2565 - Inout <user2<1>> is never assigned.
WARNING:Xst:2565 - Inout <user1<12>> is never assigned.
WARNING:Xst:2565 - Inout <ram0_data<11>> is never assigned.
WARNING:Xst:2565 - Inout <systemace_data<7>> is never assigned.
WARNING:Xst:2565 - Inout <ram1_data<25>> is never assigned.
WARNING:Xst:2565 - Inout <ram1_data<30>> is never assigned.
WARNING:Xst:2565 - Inout <user1<13>> is never assigned.
WARNING:Xst:2565 - Inout <user2<2>> is never assigned.
WARNING:Xst:2565 - Inout <ram0_data<12>> is never assigned.
WARNING:Xst:2565 - Inout <ram1_data<31>> is never assigned.
WARNING:Xst:2565 - Inout <systemace_data<8>> is never assigned.
WARNING:Xst:2565 - Inout <ram1_data<26>> is never assigned.
WARNING:Xst:2565 - Inout <user2<3>> is never assigned.
WARNING:Xst:2565 - Inout <user1<14>> is never assigned.
WARNING:Xst:2565 - Inout <ram0_data<13>> is never assigned.
WARNING:Xst:2565 - Inout <ram1_data<32>> is never assigned.
WARNING:Xst:2565 - Inout <systemace_data<9>> is never assigned.
WARNING:Xst:2565 - Inout <ram1_data<27>> is never assigned.
WARNING:Xst:2565 - Inout <user2<4>> is never assigned.
WARNING:Xst:2565 - Inout <user1<15>> is never assigned.
WARNING:Xst:2565 - Inout <user1<20>> is never assigned.
WARNING:Xst:2565 - Inout <ram0_data<14>> is never assigned.
WARNING:Xst:647 - Input <tv_in_line_clock1> is never used. This port will be preserved and left unconnected if it belongs to a top-level block or it belongs to a sub-block and the hierarchy of this sub-block is preserved.
WARNING:Xst:2565 - Inout <ram1_data<28>> is never assigned.
WARNING:Xst:2565 - Inout <ram1_data<33>> is never assigned.
WARNING:Xst:647 - Input <tv_in_line_clock2> is never used. This port will be preserved and left unconnected if it belongs to a top-level block or it belongs to a sub-block and the hierarchy of this sub-block is preserved.
WARNING:Xst:2565 - Inout <ram1_data<0>> is never assigned.
WARNING:Xst:2565 - Inout <user1<16>> is never assigned.
WARNING:Xst:2565 - Inout <user2<5>> is never assigned.
WARNING:Xst:2565 - Inout <user1<21>> is never assigned.
WARNING:Xst:2565 - Inout <ram0_data<20>> is never assigned.
WARNING:Xst:2565 - Inout <ram0_data<15>> is never assigned.
WARNING:Xst:2565 - Inout <ram1_data<29>> is never assigned.
WARNING:Xst:2565 - Inout <ram1_data<34>> is never assigned.
WARNING:Xst:647 - Input <keyboard_data> is never used. This port will be preserved and left unconnected if it belongs to a top-level block or it belongs to a sub-block and the hierarchy of this sub-block is preserved.
WARNING:Xst:2565 - Inout <ram1_data<1>> is never assigned.
WARNING:Xst:2565 - Inout <user1<17>> is never assigned.
WARNING:Xst:2565 - Inout <user2<6>> is never assigned.
WARNING:Xst:2565 - Inout <user1<22>> is never assigned.
WARNING:Xst:2565 - Inout <ram0_data<21>> is never assigned.
WARNING:Xst:2565 - Inout <ram0_data<16>> is never assigned.
WARNING:Xst:2565 - Inout <ram1_data<35>> is never assigned.
WARNING:Xst:2565 - Inout <ram1_data<2>> is never assigned.
WARNING:Xst:2565 - Inout <user1<18>> is never assigned.
WARNING:Xst:2565 - Inout <user2<7>> is never assigned.
WARNING:Xst:2565 - Inout <user1<23>> is never assigned.
WARNING:Xst:2565 - Inout <ram0_data<22>> is never assigned.
WARNING:Xst:2565 - Inout <ram0_data<17>> is never assigned.
WARNING:Xst:2565 - Inout <ram1_data<3>> is never assigned.
WARNING:Xst:2565 - Inout <systemace_data<10>> is never assigned.
WARNING:Xst:2565 - Inout <user1<24>> is never assigned.
WARNING:Xst:2565 - Inout <user2<8>> is never assigned.
WARNING:Xst:2565 - Inout <user1<19>> is never assigned.
WARNING:Xst:2565 - Inout <ram0_data<23>> is never assigned.
WARNING:Xst:2565 - Inout <ram0_data<18>> is never assigned.
WARNING:Xst:647 - Input <ac97_sdata_in> is never used. This port will be preserved and left unconnected if it belongs to a top-level block or it belongs to a sub-block and the hierarchy of this sub-block is preserved.
WARNING:Xst:2565 - Inout <ram1_data<4>> is never assigned.
WARNING:Xst:2565 - Inout <systemace_data<11>> is never assigned.
WARNING:Xst:2565 - Inout <user1<25>> is never assigned.
WARNING:Xst:2565 - Inout <user2<9>> is never assigned.
WARNING:Xst:2565 - Inout <user1<30>> is never assigned.
WARNING:Xst:2565 - Inout <ram0_data<24>> is never assigned.
WARNING:Xst:2565 - Inout <ram0_data<19>> is never assigned.
WARNING:Xst:2565 - Inout <ram1_data<5>> is never assigned.
WARNING:Xst:2565 - Inout <systemace_data<12>> is never assigned.
WARNING:Xst:2565 - Inout <user1<26>> is never assigned.
WARNING:Xst:2565 - Inout <user1<31>> is never assigned.
WARNING:Xst:2565 - Inout <ram0_data<25>> is never assigned.
WARNING:Xst:2565 - Inout <ram0_data<30>> is never assigned.
WARNING:Xst:2565 - Inout <ram1_data<6>> is never assigned.
WARNING:Xst:2565 - Inout <systemace_data<13>> is never assigned.
WARNING:Xst:2565 - Inout <user1<27>> is never assigned.
WARNING:Xst:2565 - Inout <ram0_data<31>> is never assigned.
WARNING:Xst:2565 - Inout <ram0_data<26>> is never assigned.
WARNING:Xst:2565 - Inout <ram1_data<7>> is never assigned.
WARNING:Xst:2565 - Inout <systemace_data<14>> is never assigned.
WARNING:Xst:2565 - Inout <user1<28>> is never assigned.
WARNING:Xst:2565 - Inout <ram0_data<32>> is never assigned.
WARNING:Xst:2565 - Inout <ram0_data<27>> is never assigned.
WARNING:Xst:2565 - Inout <ram1_data<8>> is never assigned.
WARNING:Xst:2565 - Inout <systemace_data<15>> is never assigned.
WARNING:Xst:2565 - Inout <user1<29>> is never assigned.
WARNING:Xst:2565 - Inout <ram0_data<28>> is never assigned.
WARNING:Xst:2565 - Inout <ram0_data<33>> is never assigned.
WARNING:Xst:647 - Input <systemace_mpbrdy> is never used. This port will be preserved and left unconnected if it belongs to a top-level block or it belongs to a sub-block and the hierarchy of this sub-block is preserved.
WARNING:Xst:2565 - Inout <ram1_data<9>> is never assigned.
WARNING:Xst:2565 - Inout <ram0_data<34>> is never assigned.
WARNING:Xst:2565 - Inout <ram0_data<29>> is never assigned.
WARNING:Xst:2565 - Inout <ram0_data<35>> is never assigned.
WARNING:Xst:2565 - Inout <user3<10>> is never assigned.
WARNING:Xst:647 - Input <mouse_clock> is never used. This port will be preserved and left unconnected if it belongs to a top-level block or it belongs to a sub-block and the hierarchy of this sub-block is preserved.
WARNING:Xst:2565 - Inout <user3<11>> is never assigned.
WARNING:Xst:2565 - Inout <user3<12>> is never assigned.
WARNING:Xst:2565 - Inout <user3<13>> is never assigned.
WARNING:Xst:647 - Input <ac97_bit_clock> is never used. This port will be preserved and left unconnected if it belongs to a top-level block or it belongs to a sub-block and the hierarchy of this sub-block is preserved.
WARNING:Xst:2565 - Inout <user3<14>> is never assigned.
WARNING:Xst:2565 - Inout <user3<20>> is never assigned.
WARNING:Xst:2565 - Inout <user3<15>> is never assigned.
WARNING:Xst:2565 - Inout <user3<21>> is never assigned.
WARNING:Xst:2565 - Inout <user3<16>> is never assigned.
WARNING:Xst:2565 - Inout <user3<22>> is never assigned.
WARNING:Xst:2565 - Inout <user3<17>> is never assigned.
WARNING:Xst:2565 - Inout <user3<23>> is never assigned.
WARNING:Xst:2565 - Inout <user3<18>> is never assigned.
WARNING:Xst:2565 - Inout <user3<24>> is never assigned.
WARNING:Xst:2565 - Inout <user3<19>> is never assigned.
WARNING:Xst:2565 - Inout <user3<0>> is never assigned.
WARNING:Xst:2565 - Inout <user3<30>> is never assigned.
WARNING:Xst:2565 - Inout <user3<25>> is never assigned.
WARNING:Xst:2565 - Inout <user3<1>> is never assigned.
WARNING:Xst:2565 - Inout <user3<26>> is never assigned.
WARNING:Xst:2565 - Inout <user3<31>> is never assigned.
WARNING:Xst:2565 - Inout <user3<2>> is never assigned.
WARNING:Xst:2565 - Inout <user3<27>> is never assigned.
WARNING:Xst:2565 - Inout <user3<3>> is never assigned.
WARNING:Xst:646 - Signal <start> is assigned but never used. This unconnected signal will be trimmed during the optimization process.
WARNING:Xst:646 - Signal <expired> is assigned but never used. This unconnected signal will be trimmed during the optimization process.
WARNING:Xst:646 - Signal <displayed_counter> is assigned but never used. This unconnected signal will be trimmed during the optimization process.
    Found 8x16-bit ROM for signal <displayed_mole_location$mux0000> created at line 410.
    Found 4x8-bit ROM for signal <feedback$mux0000> created at line 421.
    Found 16-bit register for signal <displayed_mole_location>.
    Found 8-bit register for signal <feedback>.
    Found 16-bit register for signal <step_location>.
    Found 1-bit register for signal <toggler>.
    Summary:
	inferred   2 ROM(s).
	inferred  41 D-type flip-flop(s).
Unit <labkit> synthesized.

INFO:Xst:1767 - HDL ADVISOR - Resource sharing has identified that some arithmetic operations in this design can share the same physical resources for reduced device utilization. For improved clock frequency you may try to disable resource sharing.

=========================================================================
HDL Synthesis Report

Macro Statistics
# ROMs                                                 : 4
 128x40-bit ROM                                        : 1
 4x8-bit ROM                                           : 1
 8x16-bit ROM                                          : 1
 8x8-bit ROM                                           : 1
# Adders/Subtractors                                   : 3
 10-bit addsub                                         : 1
 4-bit subtractor                                      : 2
# Counters                                             : 13
 20-bit up counter                                     : 10
 32-bit up counter                                     : 1
 5-bit up counter                                      : 1
 8-bit down counter                                    : 1
# Registers                                            : 57
 1-bit register                                        : 48
 10-bit register                                       : 1
 16-bit register                                       : 2
 32-bit register                                       : 1
 4-bit register                                        : 3
 40-bit register                                       : 1
 8-bit register                                        : 1
# Comparators                                          : 1
 8-bit comparator equal                                : 1
# Multiplexers                                         : 2
 1-bit 40-to-1 multiplexer                             : 1
 8-bit 16-to-1 multiplexer                             : 1
# Xors                                                 : 11
 1-bit xor2                                            : 11

=========================================================================

=========================================================================
*                       Advanced HDL Synthesis                          *
=========================================================================

Analyzing FSM <FSM_1> for best encoding.
Optimizing FSM <debug_display/state/FSM> on signal <state[1:3]> with sequential encoding.
----------------------
 State    | Encoding
----------------------
 00000000 | 000
 00000001 | 001
 00000010 | 010
 00000011 | 011
 00000100 | 100
 00000101 | 101
 00000110 | 110
----------------------
Analyzing FSM <FSM_0> for best encoding.
Optimizing FSM <game_start_delay/state> on signal <state[1:2]> with gray encoding.
-------------------
 State | Encoding
-------------------
 0000  | 00
 0001  | 01
 0010  | 11
-------------------
Loading device for application Rf_Device from file '2v6000.nph' in environment /afs/csail.mit.edu/proj/redsocs/Xilinx10.1/ISE.
WARNING:Xst:2404 -  FFs/Latches <step_location<15:15>> (without init value) have a constant value of 0 in block <labkit>.

Synthesizing (advanced) Unit <labkit>.
INFO:Xst - In order to maximize performance and save block RAM resources, the small ROM <Mrom_feedback_mux0000> will be implemented on LUT. If you want to force its implementation on block, use option/constraint rom_style.
INFO:Xst - In order to maximize performance and save block RAM resources, the small ROM <Mrom_displayed_mole_location_mux0000> will be implemented on LUT. If you want to force its implementation on block, use option/constraint rom_style.
Unit <labkit> synthesized (advanced).
WARNING:Xst:1710 - FF/Latch <step_location_7> (without init value) has a constant value of 0 in block <labkit>. This FF/Latch will be trimmed during the optimization process.
INFO:Xst:2261 - The FF/Latch <step_location_0> in Unit <labkit> is equivalent to the following FF/Latch, which will be removed : <step_location_13> 
INFO:Xst:2261 - The FF/Latch <step_location_1> in Unit <labkit> is equivalent to the following FF/Latch, which will be removed : <step_location_4> 
INFO:Xst:2261 - The FF/Latch <step_location_2> in Unit <labkit> is equivalent to the following FF/Latch, which will be removed : <step_location_3> 
WARNING:Xst:2677 - Node <temp_clean> of sequential type is unconnected in block <db_st>.

=========================================================================
Advanced HDL Synthesis Report

Macro Statistics
# ROMs                                                 : 4
 128x40-bit ROM                                        : 1
 4x8-bit ROM                                           : 1
 8x16-bit ROM                                          : 1
 8x8-bit ROM                                           : 1
# Adders/Subtractors                                   : 3
 10-bit addsub                                         : 1
 4-bit subtractor                                      : 2
# Counters                                             : 13
 20-bit up counter                                     : 10
 32-bit up counter                                     : 1
 5-bit up counter                                      : 1
 8-bit down counter                                    : 1
# Registers                                            : 182
 Flip-Flops                                            : 182
# Comparators                                          : 1
 8-bit comparator equal                                : 1
# Multiplexers                                         : 2
 1-bit 40-to-1 multiplexer                             : 1
 8-bit 16-to-1 multiplexer                             : 1
# Xors                                                 : 11
 1-bit xor2                                            : 11

=========================================================================

=========================================================================
*                         Low Level Synthesis                           *
=========================================================================
WARNING:Xst:2677 - Node <game_start_delay/state_FFd1> of sequential type is unconnected in block <labkit>.
WARNING:Xst:2677 - Node <game_start_delay/state_FFd2> of sequential type is unconnected in block <labkit>.
WARNING:Xst:2677 - Node <game_start_delay/counter_3> of sequential type is unconnected in block <labkit>.
WARNING:Xst:2677 - Node <game_start_delay/counter_2> of sequential type is unconnected in block <labkit>.
WARNING:Xst:2677 - Node <game_start_delay/counter_1> of sequential type is unconnected in block <labkit>.
WARNING:Xst:2677 - Node <game_start_delay/counter_0> of sequential type is unconnected in block <labkit>.
WARNING:Xst:2677 - Node <db_st/sync1/sync_0> of sequential type is unconnected in block <labkit>.
WARNING:Xst:2677 - Node <db_st/sync1/out> of sequential type is unconnected in block <labkit>.
WARNING:Xst:2677 - Node <db_st/new> of sequential type is unconnected in block <labkit>.
WARNING:Xst:2677 - Node <db_st/temp_clean> of sequential type is unconnected in block <labkit>.
WARNING:Xst:1710 - FF/Latch <displayed_mole_location_0> (without init value) has a constant value of 0 in block <labkit>. This FF/Latch will be trimmed during the optimization process.
WARNING:Xst:1895 - Due to other FF/Latch trimming, FF/Latch <displayed_mole_location_7> (without init value) has a constant value of 0 in block <labkit>. This FF/Latch will be trimmed during the optimization process.
WARNING:Xst:1895 - Due to other FF/Latch trimming, FF/Latch <displayed_mole_location_13> (without init value) has a constant value of 0 in block <labkit>. This FF/Latch will be trimmed during the optimization process.
WARNING:Xst:1895 - Due to other FF/Latch trimming, FF/Latch <displayed_mole_location_14> (without init value) has a constant value of 1 in block <labkit>. This FF/Latch will be trimmed during the optimization process.
WARNING:Xst:1895 - Due to other FF/Latch trimming, FF/Latch <displayed_mole_location_15> (without init value) has a constant value of 0 in block <labkit>. This FF/Latch will be trimmed during the optimization process.
WARNING:Xst:1895 - Due to other FF/Latch trimming, FF/Latch <feedback_7> (without init value) has a constant value of 0 in block <labkit>. This FF/Latch will be trimmed during the optimization process.
INFO:Xst:2261 - The FF/Latch <feedback_0> in Unit <labkit> is equivalent to the following FF/Latch, which will be removed : <feedback_1> 
INFO:Xst:2261 - The FF/Latch <feedback_2> in Unit <labkit> is equivalent to the following FF/Latch, which will be removed : <feedback_5> 
INFO:Xst:2261 - The FF/Latch <feedback_3> in Unit <labkit> is equivalent to the following FF/Latch, which will be removed : <feedback_4> 
INFO:Xst:2261 - The FF/Latch <displayed_mole_location_1> in Unit <labkit> is equivalent to the following FF/Latch, which will be removed : <displayed_mole_location_4> 
INFO:Xst:2261 - The FF/Latch <displayed_mole_location_2> in Unit <labkit> is equivalent to the following FF/Latch, which will be removed : <displayed_mole_location_3> 

Optimizing unit <labkit> ...

Optimizing unit <ascii2dots> ...

Optimizing unit <display_string> ...
WARNING:Xst:1710 - FF/Latch <debug_display/rdots_39> (without init value) has a constant value of 0 in block <labkit>. This FF/Latch will be trimmed during the optimization process.
WARNING:Xst:1710 - FF/Latch <debug_display/rdots_31> (without init value) has a constant value of 0 in block <labkit>. This FF/Latch will be trimmed during the optimization process.
WARNING:Xst:1710 - FF/Latch <debug_display/rdots_23> (without init value) has a constant value of 0 in block <labkit>. This FF/Latch will be trimmed during the optimization process.
WARNING:Xst:1710 - FF/Latch <debug_display/rdots_15> (without init value) has a constant value of 0 in block <labkit>. This FF/Latch will be trimmed during the optimization process.
WARNING:Xst:1710 - FF/Latch <debug_display/rdots_7> (without init value) has a constant value of 0 in block <labkit>. This FF/Latch will be trimmed during the optimization process.
WARNING:Xst:1710 - FF/Latch <debug_display/rdots_5> (without init value) has a constant value of 0 in block <labkit>. This FF/Latch will be trimmed during the optimization process.
WARNING:Xst:1710 - FF/Latch <debug_display/rdots_1> (without init value) has a constant value of 0 in block <labkit>. This FF/Latch will be trimmed during the optimization process.

Mapping all equations...
Building and optimizing final netlist ...
Found area constraint ratio of 100 (+ 5) on block labkit, actual ratio is 1.
FlipFlop debug_display/char_index_0 has been replicated 1 time(s)
FlipFlop debug_display/char_index_1 has been replicated 1 time(s)
FlipFlop debug_display/dot_index_1 has been replicated 1 time(s)

Final Macro Processing ...

Processing Unit <labkit> :
	Found 2-bit shift register for signal <db_r/sync1/out>.
	Found 2-bit shift register for signal <db_l/sync1/out>.
	Found 2-bit shift register for signal <db_d/sync1/out>.
	Found 2-bit shift register for signal <db_u/sync1/out>.
	Found 2-bit shift register for signal <db_dr/sync1/out>.
	Found 2-bit shift register for signal <db_dl/sync1/out>.
	Found 2-bit shift register for signal <db_ur/sync1/out>.
	Found 2-bit shift register for signal <db_ul/sync1/out>.
	Found 7-bit shift register for signal <debug_display/control_30>.
	Found 7-bit shift register for signal <debug_display/control_22>.
	Found 7-bit shift register for signal <debug_display/control_14>.
	Found 7-bit shift register for signal <debug_display/control_6>.
Unit <labkit> processed.

=========================================================================
Final Register Report

Macro Statistics
# Registers                                            : 338
 Flip-Flops                                            : 338
# Shift Registers                                      : 12
 2-bit shift register                                  : 8
 7-bit shift register                                  : 4

=========================================================================

=========================================================================
*                           Partition Report                             *
=========================================================================

Partition Implementation Status
-------------------------------

  No Partitions were found in this design.

-------------------------------

=========================================================================
*                            Final Report                               *
=========================================================================
Final Results
RTL Top Level Output File Name     : labkit.ngr
Top Level Output File Name         : labkit
Output Format                      : NGC
Optimization Goal                  : Speed
Keep Hierarchy                     : NO

Design Statistics
# IOs                              : 576

Cell Usage :
# BELS                             : 1426
#      GND                         : 1
#      INV                         : 32
#      LUT1                        : 203
#      LUT2                        : 37
#      LUT2_D                      : 1
#      LUT2_L                      : 12
#      LUT3                        : 148
#      LUT3_D                      : 7
#      LUT3_L                      : 7
#      LUT4                        : 343
#      LUT4_D                      : 14
#      LUT4_L                      : 41
#      MUXCY                       : 262
#      MUXF5                       : 82
#      MUXF6                       : 12
#      MUXF7                       : 2
#      MUXF8                       : 1
#      VCC                         : 1
#      XORCY                       : 220
# FlipFlops/Latches                : 360
#      FD                          : 20
#      FDE                         : 66
#      FDR                         : 52
#      FDRE                        : 186
#      FDRS                        : 12
#      FDS                         : 13
#      FDSE                        : 11
# Shift Registers                  : 13
#      SRL16                       : 9
#      SRL16E                      : 4
# Clock Buffers                    : 2
#      BUFG                        : 1
#      BUFGP                       : 1
# IO Buffers                       : 249
#      IBUF                        : 9
#      OBUF                        : 240
=========================================================================

Device utilization summary:
---------------------------

Selected Device : 2v6000bf957-4 

 Number of Slices:                      446  out of  33792     1%  
 Number of Slice Flip Flops:            360  out of  67584     0%  
 Number of 4 input LUTs:                858  out of  67584     1%  
    Number used as logic:               845
    Number used as Shift registers:      13
 Number of IOs:                         576
 Number of bonded IOBs:                 250  out of    684    36%  
 Number of GCLKs:                         2  out of     16    12%  

---------------------------
Partition Resource Summary:
---------------------------

  No Partitions were found in this design.

---------------------------


=========================================================================
TIMING REPORT

NOTE: THESE TIMING NUMBERS ARE ONLY A SYNTHESIS ESTIMATE.
      FOR ACCURATE TIMING INFORMATION PLEASE REFER TO THE TRACE REPORT
      GENERATED AFTER PLACE-and-ROUTE.

Clock Information:
------------------
-----------------------------------+------------------------+-------+
Clock Signal                       | Clock buffer(FF name)  | Load  |
-----------------------------------+------------------------+-------+
clock_27mhz                        | BUFGP                  | 290   |
one_hz_div/enable                  | NONE(mole/temp_r_3)    | 4     |
debug_display/clock1               | BUFG                   | 79    |
-----------------------------------+------------------------+-------+
INFO:Xst:2169 - HDL ADVISOR - Some clock signals were not automatically buffered by XST with BUFG/BUFR resources. Please use the buffer_type constraint in order to insert these buffers to the clock signals to help prevent skew problems.

Asynchronous Control Signals Information:
----------------------------------------
No asynchronous control signals found in this design

Timing Summary:
---------------
Speed Grade: -4

   Minimum period: 9.308ns (Maximum Frequency: 107.432MHz)
   Minimum input arrival time before clock: 2.194ns
   Maximum output required time after clock: 6.771ns
   Maximum combinational path delay: 5.887ns

Timing Detail:
--------------
All values displayed in nanoseconds (ns)

=========================================================================
Timing constraint: Default period analysis for Clock 'clock_27mhz'
  Clock period: 7.052ns (frequency: 141.804MHz)
  Total number of paths / destination ports: 8714 / 715
-------------------------------------------------------------------------
Delay:               7.052ns (Levels of Logic = 5)
  Source:            db_l/temp_clean (FF)
  Destination:       step_location_14 (FF)
  Source Clock:      clock_27mhz rising
  Destination Clock: clock_27mhz rising

  Data Path: db_l/temp_clean to step_location_14
                                Gate     Net
    Cell:in->out      fanout   Delay   Delay  Logical Name (Net Name)
    ----------------------------------------  ------------
     FDE:C->Q             11   0.568   1.194  db_l/temp_clean (db_l/temp_clean)
     LUT2_L:I0->LO         1   0.439   0.140  step_location_or00003_SW0 (N211)
     LUT4:I3->O            7   0.439   1.024  step_location_or00003 (N2)
     LUT4:I1->O            3   0.439   1.010  step_location_cmp_eq00071 (step_location_cmp_eq0007)
     LUT3:I0->O            1   0.439   0.551  step_location_mux0000<1>5 (step_location_mux0000<1>5)
     LUT4:I2->O            1   0.439   0.000  step_location_mux0000<1>201 (step_location_mux0000<1>20)
     FDS:D                     0.370          step_location_14
    ----------------------------------------
    Total                      7.052ns (3.133ns logic, 3.919ns route)
                                       (44.4% logic, 55.6% route)

=========================================================================
Timing constraint: Default period analysis for Clock 'one_hz_div/enable'
  Clock period: 2.593ns (frequency: 385.579MHz)
  Total number of paths / destination ports: 5 / 4
-------------------------------------------------------------------------
Delay:               2.593ns (Levels of Logic = 1)
  Source:            mole/temp_r_0 (FF)
  Destination:       mole/temp_r_1 (FF)
  Source Clock:      one_hz_div/enable rising
  Destination Clock: one_hz_div/enable rising

  Data Path: mole/temp_r_0 to mole/temp_r_1
                                Gate     Net
    Cell:in->out      fanout   Delay   Delay  Logical Name (Net Name)
    ----------------------------------------  ------------
     FD:C->Q              12   0.568   1.216  mole/temp_r_0 (mole/temp_r_0)
     LUT2:I0->O            1   0.439   0.000  mole/temp_r<0>1 (mole/temp_r<0>1)
     FD:D                      0.370          mole/temp_r_1
    ----------------------------------------
    Total                      2.593ns (1.377ns logic, 1.216ns route)
                                       (53.1% logic, 46.9% route)

=========================================================================
Timing constraint: Default period analysis for Clock 'debug_display/clock1'
  Clock period: 9.308ns (frequency: 107.432MHz)
  Total number of paths / destination ports: 11727 / 108
-------------------------------------------------------------------------
Delay:               9.308ns (Levels of Logic = 8)
  Source:            debug_display/char_index_1_1 (FF)
  Destination:       debug_display/rdots_29 (FF)
  Source Clock:      debug_display/clock1 rising
  Destination Clock: debug_display/clock1 rising

  Data Path: debug_display/char_index_1_1 to debug_display/rdots_29
                                Gate     Net
    Cell:in->out      fanout   Delay   Delay  Logical Name (Net Name)
    ----------------------------------------  ------------
     FDE:C->Q             14   0.568   1.185  debug_display/char_index_1_1 (debug_display/char_index_1_1)
     LUT3:I1->O            1   0.439   0.000  debug_display/Mmux_ascii_43 (debug_display/Mmux_ascii_43)
     MUXF5:I1->O           1   0.436   0.000  debug_display/Mmux_ascii_3_f5_2 (debug_display/Mmux_ascii_3_f53)
     MUXF6:I1->O         138   0.447   1.647  debug_display/Mmux_ascii_2_f6_2 (debug_display/ascii<3>)
     LUT4:I0->O            1   0.439   0.551  debug_display/rdots_mux0000<29>30_SW1 (N250)
     LUT3:I2->O            1   0.439   0.517  debug_display/rdots_mux0000<29>30 (debug_display/rdots_mux0000<29>30)
     MUXF5:S->O            1   0.699   0.558  debug_display/rdots_mux0000<29>74_SW0 (N205)
     LUT4_L:I3->LO         1   0.439   0.134  debug_display/rdots_mux0000<29>103_SW0 (N161)
     LUT4:I2->O            1   0.439   0.000  debug_display/rdots_mux0000<29>115 (debug_display/rdots_mux0000<29>)
     FDE:D                     0.370          debug_display/rdots_29
    ----------------------------------------
    Total                      9.308ns (4.715ns logic, 4.593ns route)
                                       (50.7% logic, 49.3% route)

=========================================================================
Timing constraint: Default OFFSET IN BEFORE for Clock 'clock_27mhz'
  Total number of paths / destination ports: 9 / 9
-------------------------------------------------------------------------
Offset:              2.194ns (Levels of Logic = 1)
  Source:            button_down (PAD)
  Destination:       db_d/sync1/Mshreg_out (FF)
  Destination Clock: clock_27mhz rising

  Data Path: button_down to db_d/sync1/Mshreg_out
                                Gate     Net
    Cell:in->out      fanout   Delay   Delay  Logical Name (Net Name)
    ----------------------------------------  ------------
     IBUF:I->O             2   0.825   0.701  button_down_IBUF (button_down_IBUF)
     SRL16:D                   0.667          db_d/sync1/Mshreg_out
    ----------------------------------------
    Total                      2.194ns (1.492ns logic, 0.701ns route)
                                       (68.0% logic, 32.0% route)

=========================================================================
Timing constraint: Default OFFSET OUT AFTER for Clock 'debug_display/clock1'
  Total number of paths / destination ports: 4 / 4
-------------------------------------------------------------------------
Offset:              5.630ns (Levels of Logic = 1)
  Source:            debug_display/disp_rs (FF)
  Destination:       disp_rs (PAD)
  Source Clock:      debug_display/clock1 rising

  Data Path: debug_display/disp_rs to disp_rs
                                Gate     Net
    Cell:in->out      fanout   Delay   Delay  Logical Name (Net Name)
    ----------------------------------------  ------------
     FDE:C->Q              2   0.568   0.701  debug_display/disp_rs (debug_display/disp_rs)
     OBUF:I->O                 4.361          disp_rs_OBUF (disp_rs)
    ----------------------------------------
    Total                      5.630ns (4.929ns logic, 0.701ns route)
                                       (87.5% logic, 12.5% route)

=========================================================================
Timing constraint: Default OFFSET OUT AFTER for Clock 'clock_27mhz'
  Total number of paths / destination ports: 1 / 1
-------------------------------------------------------------------------
Offset:              6.771ns (Levels of Logic = 2)
  Source:            debug_display/clock (FF)
  Destination:       disp_clock (PAD)
  Source Clock:      clock_27mhz rising

  Data Path: debug_display/clock to disp_clock
                                Gate     Net
    Cell:in->out      fanout   Delay   Delay  Logical Name (Net Name)
    ----------------------------------------  ------------
     FDRE:C->Q             2   0.568   0.701  debug_display/clock (debug_display/clock1)
     INV:I->O              2   0.439   0.701  debug_display/disp_clock1_INV_0 (disp_clock_OBUF)
     OBUF:I->O                 4.361          disp_clock_OBUF (disp_clock)
    ----------------------------------------
    Total                      6.771ns (5.368ns logic, 1.403ns route)
                                       (79.3% logic, 20.7% route)

=========================================================================
Timing constraint: Default path analysis
  Total number of paths / destination ports: 8 / 8
-------------------------------------------------------------------------
Delay:               5.887ns (Levels of Logic = 2)
  Source:            button3 (PAD)
  Destination:       led<7> (PAD)

  Data Path: button3 to led<7>
                                Gate     Net
    Cell:in->out      fanout   Delay   Delay  Logical Name (Net Name)
    ----------------------------------------  ------------
     IBUF:I->O             2   0.825   0.701  button3_IBUF (button3_IBUF)
     OBUF:I->O                 4.361          led_7_OBUF (led<7>)
    ----------------------------------------
    Total                      5.887ns (5.186ns logic, 0.701ns route)
                                       (88.1% logic, 11.9% route)

=========================================================================


Total REAL time to Xst completion: 10.00 secs
Total CPU time to Xst completion: 9.30 secs
 
--> 


Total memory usage is 485940 kilobytes

Number of errors   :    0 (   0 filtered)
Number of warnings :  331 (   0 filtered)
Number of infos    :   23 (   0 filtered)

